** program './rana' loaded. entry point: 0x401650.
	0x401650: f3 0f 1e fa                     endbr64	
	0x401654: 31 ed                           xor	ebp, ebp
	0x401656: 49 89 d1                        mov	r9, rdx
	0x401659: 5e                              pop	rsi
	0x40165a: 48 89 e2                        mov	rdx, rsp
(sdb) ** set a breakpoint at 0x401798.
(sdb) ** set a breakpoint at 0x401798.
(sdb) Num	Address
0	0x401798
1	0x401798
(sdb) ** delete breakpoint 1.
(sdb) ** hit a breakpoint at 0x401798.
	0x401798: 8b 45 f8                        mov	eax, dword ptr [rbp - 8]
	0x40179b: 3b 45 fc                        cmp	eax, dword ptr [rbp - 4]
	0x40179e: 7e 11                           jle	0x4017b1
	0x4017a0: 48 8d 05 5d 68 09 00            lea	rax, [rip + 0x9685d]
	0x4017a7: 48 89 c7                        mov	rdi, rax
(sdb) matcha parfait
** hit a breakpoint at 0x401798.
	0x401798: 8b 45 f8                        mov	eax, dword ptr [rbp - 8]
	0x40179b: 3b 45 fc                        cmp	eax, dword ptr [rbp - 4]
	0x40179e: 7e 11                           jle	0x4017b1
	0x4017a0: 48 8d 05 5d 68 09 00            lea	rax, [rip + 0x9685d]
	0x4017a7: 48 89 c7                        mov	rdi, rax
(sdb) 