** program './rana' loaded. entry point: 0x401650.
	0x401650: f3 0f 1e fa                     endbr64	
	0x401654: 31 ed                           xor	ebp, ebp
	0x401656: 49 89 d1                        mov	r9, rdx
	0x401659: 5e                              pop	rsi
	0x40165a: 48 89 e2                        mov	rdx, rsp
(sdb) 	0x401654: 31 ed                           xor	ebp, ebp
	0x401656: 49 89 d1                        mov	r9, rdx
	0x401659: 5e                              pop	rsi
	0x40165a: 48 89 e2                        mov	rdx, rsp
	0x40165d: 48 83 e4 f0                     and	rsp, 0xfffffffffffffff0
(sdb) ** set a breakpoint at 0x401654.
(sdb) 	0x401656: 49 89 d1                        mov	r9, rdx
	0x401659: 5e                              pop	rsi
	0x40165a: 48 89 e2                        mov	rdx, rsp
	0x40165d: 48 83 e4 f0                     and	rsp, 0xfffffffffffffff0
	0x401661: 50                              push	rax
(sdb) 	0x401659: 5e                              pop	rsi
	0x40165a: 48 89 e2                        mov	rdx, rsp
	0x40165d: 48 83 e4 f0                     and	rsp, 0xfffffffffffffff0
	0x401661: 50                              push	rax
	0x401662: 54                              push	rsp
(sdb) matcha parfait
matcha parfait
matcha parfait
** the target program terminated.
